{
    "tinybar": 1000000000000,
    "tokens": {}
}